
There are no discarded input sections

Memory Configuration

Name             Origin             Length             Attributes
_sysmem          0x0000000080000000 0x0000000008000000 axw!rl
*default*        0x0000000000000000 0xffffffffffffffff

Linker script and memory map


.text           0x0000000080000000     0x2c98
                0x0000000080000000                PROVIDE (_mmap_text_start = ABSOLUTE (.))
 *(.text.entry)
 .text.entry    0x0000000080000000      0x16c .build/bootstrap_asm.o
                0x0000000080000074                __noop
 *(.text .text.*)
 .text          0x000000008000016c      0x27a .build/create.o
                0x000000008000016c                wrapper
                0x00000000800001e8                create_thread
 .text          0x00000000800003e6      0x210 .build/initialize.o
                0x00000000800003e6                initialize
 .text          0x00000000800005f6       0xde .build/traps.o
                0x00000000800005f6                __sys_capture_syscall
                0x0000000080000604                raise_syscall
                0x0000000080000650                handle_exception
 .text          0x00000000800006d4      0xcb6 .build/queue.o
                0x00000000800006d4                thread_enqueue
                0x00000000800008cc                thread_dequeue
                0x00000000800009dc                specific_dequeue
                0x0000000080000b7a                isInQueue
                0x0000000080000ca8                sleep_enqueue
                0x0000000080001040                sleep_dequeue
                0x000000008000111c                sleep_specific_dequeue
 .text          0x000000008000138a      0x128 .build/sleep.o
                0x000000008000138a                sleep
                0x0000000080001420                unsleep
 .text          0x00000000800014b2       0xc0 .build/kill.o
                0x00000000800014b2                kill_thread
 .text          0x0000000080001572       0x66 .build/join.o
                0x0000000080001572                join_thread
 .text          0x00000000800015d8      0x116 .build/resume.o
                0x00000000800015d8                resume_thread
 .text          0x00000000800016ee      0x11c .build/resched.o
                0x00000000800016ee                resched
 .text          0x000000008000180a       0xde .build/suspend.o
                0x000000008000180a                suspend_thread
 .text          0x00000000800018e8        0x0 .build/mmap.o
 .text          0x00000000800018e8      0x2b0 .build/uart.o
                0x00000000800018e8                __sys_putc
                0x000000008000192e                __sys_getc
                0x0000000080001990                uart_putc
                0x00000000800019bc                uart_getc
                0x00000000800019dc                set_uart_interrupt
                0x0000000080001a4e                uart_handler
                0x0000000080001aa0                uart_init
 .text          0x0000000080001b98       0xa0 .build/plic.o
                0x0000000080001b98                plic_init
                0x0000000080001bc4                handle_plic
 .text          0x0000000080001c38      0x2c6 .build/timer.o
                0x0000000080001c38                clk_init
                0x0000000080001c64                handle_clk
 .text          0x0000000080001efe      0x1e4 .build/echo.o
                0x0000000080001efe                builtin_echo
 .text          0x00000000800020e2      0x132 .build/hello.o
                0x00000000800020e2                builtin_hello
 .text          0x0000000080002214      0x626 .build/shell.o
                0x0000000080002214                shell
 .text          0x000000008000283a       0x9a .build/barelib.o
                0x000000008000283a                memset
                0x0000000080002886                memcpy
 .text          0x00000000800028d4      0x28e .build/printf.o
                0x00000000800028d4                printf
 .text          0x0000000080002b62       0x20 .build/interrupts_asm.o
                0x0000000080002b62                set_interrupt
                0x0000000080002b68                disable_interrupts
                0x0000000080002b6e                enable_interrupts
                0x0000000080002b74                restore_interrupts
                0x0000000080002b7a                is_interrupting
 .text          0x0000000080002b82      0x116 .build/ctxsw_asm.o
                0x0000000080002b82                _sys_thread_loaded
                0x0000000080002b86                ctxsw
                0x0000000080002c80                ctxload
 .text          0x0000000080002c98        0x0 .build/bootstrap_asm.o
                0x0000000080002c98                . = ALIGN (0x4)
                0x0000000080002c98                PROVIDE (_mmap_text_end = ABSOLUTE (.))

.rodata         0x0000000080003000      0x135
                0x0000000080003000                PROVIDE (_mmap_data_start = ABSOLUTE (.))
 *(.srodata .srodata.*)
 .srodata       0x0000000080003000        0x4 .build/timer.o
                0x0000000080003000                timer_interval
 *(.rodata .rodata.*)
 *fill*         0x0000000080003004        0x4 
 .rodata        0x0000000080003008       0x9b .build/initialize.o
 *fill*         0x00000000800030a3        0x5 
 .rodata        0x00000000800030a8        0x2 .build/echo.o
 *fill*         0x00000000800030aa        0x6 
 .rodata        0x00000000800030b0       0x23 .build/hello.o
 *fill*         0x00000000800030d3        0x5 
 .rodata        0x00000000800030d8       0x5d .build/shell.o

.eh_frame       0x0000000080003138      0x6bc
 .eh_frame      0x0000000080003138       0x70 .build/create.o
 .eh_frame      0x00000000800031a8       0x30 .build/initialize.o
                                         0x40 (size before relaxing)
 .eh_frame      0x00000000800031d8       0xb8 .build/traps.o
                                         0xc8 (size before relaxing)
 .eh_frame      0x0000000080003290      0x118 .build/queue.o
                                        0x128 (size before relaxing)
 .eh_frame      0x00000000800033a8       0x50 .build/sleep.o
                                         0x68 (size before relaxing)
 .eh_frame      0x00000000800033f8       0x28 .build/kill.o
                                         0x40 (size before relaxing)
 .eh_frame      0x0000000080003420       0x28 .build/join.o
                                         0x40 (size before relaxing)
 .eh_frame      0x0000000080003448       0x30 .build/resume.o
                                         0x40 (size before relaxing)
 .eh_frame      0x0000000080003478       0x30 .build/resched.o
                                         0x40 (size before relaxing)
 .eh_frame      0x00000000800034a8       0x28 .build/suspend.o
                                         0x40 (size before relaxing)
 .eh_frame      0x00000000800034d0      0x110 .build/uart.o
                                        0x120 (size before relaxing)
 .eh_frame      0x00000000800035e0       0x90 .build/plic.o
                                         0xa8 (size before relaxing)
 .eh_frame      0x0000000080003670       0x90 .build/timer.o
                                         0xa8 (size before relaxing)
 .eh_frame      0x0000000080003700       0x30 .build/echo.o
                                         0x40 (size before relaxing)
 .eh_frame      0x0000000080003730       0x30 .build/hello.o
                                         0x40 (size before relaxing)
 .eh_frame      0x0000000080003760       0x20 .build/shell.o
                                         0x38 (size before relaxing)
 .eh_frame      0x0000000080003780       0x48 .build/barelib.o
                                         0x60 (size before relaxing)
 .eh_frame      0x00000000800037c8       0x2c .build/printf.o
                                         0x40 (size before relaxing)

.rela.dyn       0x00000000800037f8        0x0
 .rela.sdata    0x00000000800037f8        0x0 .build/create.o
 .rela.text.entry
                0x00000000800037f8        0x0 .build/create.o

.data           0x00000000800037f8       0x70
                [!provide]                        PROVIDE (_mmap_write_start = ABSOLUTE (.))
 *(.sdata .sdata.*)
 .sdata         0x00000000800037f8       0x14 .build/traps.o
                0x00000000800037f8                syscall_table
                0x0000000080003800                sys_syscall_hook
 .sdata         0x000000008000380c        0x8 .build/queue.o
                0x000000008000380c                ready_list
                0x0000000080003810                sleep_list
 *fill*         0x0000000080003814        0x4 
 .sdata         0x0000000080003818       0x38 .build/mmap.o
                0x0000000080003818                text_start
                0x0000000080003820                text_end
                0x0000000080003828                data_start
                0x0000000080003830                data_end
                0x0000000080003838                bss_start
                0x0000000080003840                mem_start
                0x0000000080003848                mem_end
 .sdata         0x0000000080003850       0x10 .build/uart.o
                0x0000000080003850                sys_putc_hook
                0x0000000080003858                sys_getc_hook
 .sdata         0x0000000080003860        0x8 .build/timer.o
                0x0000000080003860                clint_timer_addr
 *(.data .data.*)
 .data          0x0000000080003868        0x0 .build/create.o
 .data          0x0000000080003868        0x0 .build/initialize.o
 .data          0x0000000080003868        0x0 .build/traps.o
 .data          0x0000000080003868        0x0 .build/queue.o
 .data          0x0000000080003868        0x0 .build/sleep.o
 .data          0x0000000080003868        0x0 .build/kill.o
 .data          0x0000000080003868        0x0 .build/join.o
 .data          0x0000000080003868        0x0 .build/resume.o
 .data          0x0000000080003868        0x0 .build/resched.o
 .data          0x0000000080003868        0x0 .build/suspend.o
 .data          0x0000000080003868        0x0 .build/mmap.o
 .data          0x0000000080003868        0x0 .build/uart.o
 .data          0x0000000080003868        0x0 .build/plic.o
 .data          0x0000000080003868        0x0 .build/timer.o
 .data          0x0000000080003868        0x0 .build/echo.o
 .data          0x0000000080003868        0x0 .build/hello.o
 .data          0x0000000080003868        0x0 .build/shell.o
 .data          0x0000000080003868        0x0 .build/barelib.o
 .data          0x0000000080003868        0x0 .build/printf.o
 .data          0x0000000080003868        0x0 .build/interrupts_asm.o
 .data          0x0000000080003868        0x0 .build/ctxsw_asm.o
 .data          0x0000000080003868        0x0 .build/bootstrap_asm.o
                0x0000000080003868                PROVIDE (_mmap_data_end = ABSOLUTE (.))

.bss            0x0000000080003868      0x4d0
                0x0000000080003868                PROVIDE (_mmap_bss_start = ABSOLUTE (.))
 *(.sbss .sbss.*)
 .sbss          0x0000000080003868        0x4 .build/create.o
                0x0000000080003868                current_thread
 .sbss          0x000000008000386c        0x4 .build/initialize.o
                0x000000008000386c                boot_complete
 .sbss          0x0000000080003870        0x4 .build/timer.o
                0x0000000080003870                dec
 *(.bss .bss.*)
 *fill*         0x0000000080003874        0x4 
 .bss           0x0000000080003878      0x2a0 .build/create.o
                0x0000000080003878                thread_table
 .bss           0x0000000080003b18        0x0 .build/initialize.o
 .bss           0x0000000080003b18        0x4 .build/traps.o
 *fill*         0x0000000080003b1c        0x4 
 .bss           0x0000000080003b20      0x204 .build/queue.o
                0x0000000080003b20                thread_queue
                0x0000000080003c28                sleep_queue
 .bss           0x0000000080003d24        0x0 .build/sleep.o
 .bss           0x0000000080003d24        0x0 .build/kill.o
 .bss           0x0000000080003d24        0x0 .build/join.o
 .bss           0x0000000080003d24        0x0 .build/resume.o
 .bss           0x0000000080003d24        0x0 .build/resched.o
 .bss           0x0000000080003d24        0x0 .build/suspend.o
 .bss           0x0000000080003d24        0x0 .build/mmap.o
 *fill*         0x0000000080003d24        0x4 
 .bss           0x0000000080003d28       0x10 .build/uart.o
 .bss           0x0000000080003d38        0x0 .build/plic.o
 .bss           0x0000000080003d38        0x0 .build/timer.o
 .bss           0x0000000080003d38        0x0 .build/echo.o
 .bss           0x0000000080003d38        0x0 .build/hello.o
 .bss           0x0000000080003d38        0x0 .build/shell.o
 .bss           0x0000000080003d38        0x0 .build/barelib.o
 .bss           0x0000000080003d38        0x0 .build/printf.o
 .bss           0x0000000080003d38        0x0 .build/interrupts_asm.o
 .bss           0x0000000080003d38        0x0 .build/ctxsw_asm.o
 .bss           0x0000000080003d38        0x0 .build/bootstrap_asm.o
                [!provide]                        PROVIDE (_mmap_bss_end = ABSOLUTE (.))
                0x000000008000bd38                . = (. + 0x8000)
                0x000000008000bd38                PROVIDE (_mmap_kstack_top = ABSOLUTE (.))
                0x000000008000cd38                . = (. + 0x1000)
                0x0000000080003800                PROVIDE (_mmap_global_ptr = (_mmap_data_start + 0x800))
                0x000000008000cd38                PROVIDE (_mmap_mem_start = ABSOLUTE (.))
                0x0000000087ffffff                PROVIDE (_mmap_mem_end = ((ORIGIN (_sysmem) + LENGTH (_sysmem)) - 0x1))
LOAD .build/create.o
LOAD .build/initialize.o
LOAD .build/traps.o
LOAD .build/queue.o
LOAD .build/sleep.o
LOAD .build/kill.o
LOAD .build/join.o
LOAD .build/resume.o
LOAD .build/resched.o
LOAD .build/suspend.o
LOAD .build/mmap.o
LOAD .build/uart.o
LOAD .build/plic.o
LOAD .build/timer.o
LOAD .build/echo.o
LOAD .build/hello.o
LOAD .build/shell.o
LOAD .build/barelib.o
LOAD .build/printf.o
LOAD .build/interrupts_asm.o
LOAD .build/ctxsw_asm.o
LOAD .build/bootstrap_asm.o
OUTPUT(.build/kernel.elf elf64-littleriscv)

.debug_info     0x0000000000000000     0x264a
 .debug_info    0x0000000000000000      0x2a6 .build/create.o
 .debug_info    0x00000000000002a6      0x2b9 .build/initialize.o
 .debug_info    0x000000000000055f      0x158 .build/traps.o
 .debug_info    0x00000000000006b7      0x4d2 .build/queue.o
 .debug_info    0x0000000000000b89      0x2c1 .build/sleep.o
 .debug_info    0x0000000000000e4a      0x19a .build/kill.o
 .debug_info    0x0000000000000fe4      0x14e .build/join.o
 .debug_info    0x0000000000001132      0x190 .build/resume.o
 .debug_info    0x00000000000012c2      0x186 .build/resched.o
 .debug_info    0x0000000000001448      0x191 .build/suspend.o
 .debug_info    0x00000000000015d9      0x134 .build/mmap.o
 .debug_info    0x000000000000170d      0x27b .build/uart.o
 .debug_info    0x0000000000001988       0xe5 .build/plic.o
 .debug_info    0x0000000000001a6d      0x2dc .build/timer.o
 .debug_info    0x0000000000001d49      0x19c .build/echo.o
 .debug_info    0x0000000000001ee5      0x11f .build/hello.o
 .debug_info    0x0000000000002004      0x3b8 .build/shell.o
 .debug_info    0x00000000000023bc       0xcd .build/barelib.o
 .debug_info    0x0000000000002489      0x147 .build/printf.o
 .debug_info    0x00000000000025d0       0x28 .build/interrupts_asm.o
 .debug_info    0x00000000000025f8       0x29 .build/ctxsw_asm.o
 .debug_info    0x0000000000002621       0x29 .build/bootstrap_asm.o

.debug_abbrev   0x0000000000000000     0x1458
 .debug_abbrev  0x0000000000000000      0x19e .build/create.o
 .debug_abbrev  0x000000000000019e      0x15b .build/initialize.o
 .debug_abbrev  0x00000000000002f9      0x103 .build/traps.o
 .debug_abbrev  0x00000000000003fc      0x16e .build/queue.o
 .debug_abbrev  0x000000000000056a      0x13e .build/sleep.o
 .debug_abbrev  0x00000000000006a8      0x125 .build/kill.o
 .debug_abbrev  0x00000000000007cd       0xd0 .build/join.o
 .debug_abbrev  0x000000000000089d      0x10c .build/resume.o
 .debug_abbrev  0x00000000000009a9       0xe9 .build/resched.o
 .debug_abbrev  0x0000000000000a92      0x10b .build/suspend.o
 .debug_abbrev  0x0000000000000b9d       0x68 .build/mmap.o
 .debug_abbrev  0x0000000000000c05      0x179 .build/uart.o
 .debug_abbrev  0x0000000000000d7e       0xba .build/plic.o
 .debug_abbrev  0x0000000000000e38      0x182 .build/timer.o
 .debug_abbrev  0x0000000000000fba      0x10d .build/echo.o
 .debug_abbrev  0x00000000000010c7       0xd5 .build/hello.o
 .debug_abbrev  0x000000000000119c      0x128 .build/shell.o
 .debug_abbrev  0x00000000000012c4       0x7e .build/barelib.o
 .debug_abbrev  0x0000000000001342       0xda .build/printf.o
 .debug_abbrev  0x000000000000141c       0x14 .build/interrupts_asm.o
 .debug_abbrev  0x0000000000001430       0x14 .build/ctxsw_asm.o
 .debug_abbrev  0x0000000000001444       0x14 .build/bootstrap_asm.o

.debug_aranges  0x0000000000000000      0x410
 .debug_aranges
                0x0000000000000000       0x30 .build/create.o
 .debug_aranges
                0x0000000000000030       0x30 .build/initialize.o
 .debug_aranges
                0x0000000000000060       0x30 .build/traps.o
 .debug_aranges
                0x0000000000000090       0x30 .build/queue.o
 .debug_aranges
                0x00000000000000c0       0x30 .build/sleep.o
 .debug_aranges
                0x00000000000000f0       0x30 .build/kill.o
 .debug_aranges
                0x0000000000000120       0x30 .build/join.o
 .debug_aranges
                0x0000000000000150       0x30 .build/resume.o
 .debug_aranges
                0x0000000000000180       0x30 .build/resched.o
 .debug_aranges
                0x00000000000001b0       0x30 .build/suspend.o
 .debug_aranges
                0x00000000000001e0       0x20 .build/mmap.o
 .debug_aranges
                0x0000000000000200       0x30 .build/uart.o
 .debug_aranges
                0x0000000000000230       0x30 .build/plic.o
 .debug_aranges
                0x0000000000000260       0x30 .build/timer.o
 .debug_aranges
                0x0000000000000290       0x30 .build/echo.o
 .debug_aranges
                0x00000000000002c0       0x30 .build/hello.o
 .debug_aranges
                0x00000000000002f0       0x30 .build/shell.o
 .debug_aranges
                0x0000000000000320       0x30 .build/barelib.o
 .debug_aranges
                0x0000000000000350       0x30 .build/printf.o
 .debug_aranges
                0x0000000000000380       0x30 .build/interrupts_asm.o
 .debug_aranges
                0x00000000000003b0       0x30 .build/ctxsw_asm.o
 .debug_aranges
                0x00000000000003e0       0x30 .build/bootstrap_asm.o

.debug_line     0x0000000000000000     0x2797
 .debug_line    0x0000000000000000      0x2ad .build/create.o
 .debug_line    0x00000000000002ad      0x16a .build/initialize.o
 .debug_line    0x0000000000000417       0xdd .build/traps.o
 .debug_line    0x00000000000004f4      0x781 .build/queue.o
 .debug_line    0x0000000000000c75      0x118 .build/sleep.o
 .debug_line    0x0000000000000d8d       0xf7 .build/kill.o
 .debug_line    0x0000000000000e84       0x94 .build/join.o
 .debug_line    0x0000000000000f18      0x13e .build/resume.o
 .debug_line    0x0000000000001056      0x107 .build/resched.o
 .debug_line    0x000000000000115d      0x10c .build/suspend.o
 .debug_line    0x0000000000001269       0x43 .build/mmap.o
 .debug_line    0x00000000000012ac      0x2ae .build/uart.o
 .debug_line    0x000000000000155a       0xb6 .build/plic.o
 .debug_line    0x0000000000001610      0x1ee .build/timer.o
 .debug_line    0x00000000000017fe      0x1fa .build/echo.o
 .debug_line    0x00000000000019f8      0x150 .build/hello.o
 .debug_line    0x0000000000001b48      0x575 .build/shell.o
 .debug_line    0x00000000000020bd      0x10a .build/barelib.o
 .debug_line    0x00000000000021c7      0x21c .build/printf.o
 .debug_line    0x00000000000023e3       0x88 .build/interrupts_asm.o
 .debug_line    0x000000000000246b      0x1e6 .build/ctxsw_asm.o
 .debug_line    0x0000000000002651      0x146 .build/bootstrap_asm.o

.debug_str      0x0000000000000000      0x61f
 .debug_str     0x0000000000000000      0x61f .build/create.o
                                        0x1c6 (size before relaxing)
 .debug_str     0x000000000000061f      0x207 .build/initialize.o
 .debug_str     0x000000000000061f      0x152 .build/traps.o
 .debug_str     0x000000000000061f      0x227 .build/queue.o
 .debug_str     0x000000000000061f      0x208 .build/sleep.o
 .debug_str     0x000000000000061f      0x173 .build/kill.o
 .debug_str     0x000000000000061f      0x148 .build/join.o
 .debug_str     0x000000000000061f      0x184 .build/resume.o
 .debug_str     0x000000000000061f      0x16b .build/resched.o
 .debug_str     0x000000000000061f      0x185 .build/suspend.o
 .debug_str     0x000000000000061f      0x17c .build/mmap.o
 .debug_str     0x000000000000061f      0x1b9 .build/uart.o
 .debug_str     0x000000000000061f      0x11e .build/plic.o
 .debug_str     0x000000000000061f      0x211 .build/timer.o
 .debug_str     0x000000000000061f      0x110 .build/echo.o
 .debug_str     0x000000000000061f       0xe8 .build/hello.o
 .debug_str     0x000000000000061f      0x195 .build/shell.o
 .debug_str     0x000000000000061f       0x7e .build/barelib.o
 .debug_str     0x000000000000061f       0xff .build/printf.o
 .debug_str     0x000000000000061f       0x38 .build/interrupts_asm.o
 .debug_str     0x000000000000061f       0x33 .build/ctxsw_asm.o
 .debug_str     0x000000000000061f       0x29 .build/bootstrap_asm.o

.debug_line_str
                0x0000000000000000      0x247
 .debug_line_str
                0x0000000000000000      0x247 .build/create.o
                                         0x88 (size before relaxing)
 .debug_line_str
                0x0000000000000247       0xad .build/initialize.o
 .debug_line_str
                0x0000000000000247       0x6f .build/traps.o
 .debug_line_str
                0x0000000000000247       0x80 .build/queue.o
 .debug_line_str
                0x0000000000000247       0x8d .build/sleep.o
 .debug_line_str
                0x0000000000000247       0x82 .build/kill.o
 .debug_line_str
                0x0000000000000247       0x75 .build/join.o
 .debug_line_str
                0x0000000000000247       0x90 .build/resume.o
 .debug_line_str
                0x0000000000000247       0x86 .build/resched.o
 .debug_line_str
                0x0000000000000247       0x93 .build/suspend.o
 .debug_line_str
                0x0000000000000247       0x6c .build/mmap.o
 .debug_line_str
                0x0000000000000247       0x79 .build/uart.o
 .debug_line_str
                0x0000000000000247       0x79 .build/plic.o
 .debug_line_str
                0x0000000000000247       0x8d .build/timer.o
 .debug_line_str
                0x0000000000000247       0x6f .build/echo.o
 .debug_line_str
                0x0000000000000247       0x72 .build/hello.o
 .debug_line_str
                0x0000000000000247       0x83 .build/shell.o
 .debug_line_str
                0x0000000000000247       0x56 .build/barelib.o
 .debug_line_str
                0x0000000000000247       0x75 .build/printf.o
 .debug_line_str
                0x0000000000000247       0x2c .build/interrupts_asm.o
 .debug_line_str
                0x0000000000000247       0x27 .build/ctxsw_asm.o
 .debug_line_str
                0x0000000000000247       0x1d .build/bootstrap_asm.o

.comment        0x0000000000000000        0xf
 .comment       0x0000000000000000        0xf .build/create.o
                                         0x10 (size before relaxing)
 .comment       0x000000000000000f       0x10 .build/initialize.o
 .comment       0x000000000000000f       0x10 .build/traps.o
 .comment       0x000000000000000f       0x10 .build/queue.o
 .comment       0x000000000000000f       0x10 .build/sleep.o
 .comment       0x000000000000000f       0x10 .build/kill.o
 .comment       0x000000000000000f       0x10 .build/join.o
 .comment       0x000000000000000f       0x10 .build/resume.o
 .comment       0x000000000000000f       0x10 .build/resched.o
 .comment       0x000000000000000f       0x10 .build/suspend.o
 .comment       0x000000000000000f       0x10 .build/mmap.o
 .comment       0x000000000000000f       0x10 .build/uart.o
 .comment       0x000000000000000f       0x10 .build/plic.o
 .comment       0x000000000000000f       0x10 .build/timer.o
 .comment       0x000000000000000f       0x10 .build/echo.o
 .comment       0x000000000000000f       0x10 .build/hello.o
 .comment       0x000000000000000f       0x10 .build/shell.o
 .comment       0x000000000000000f       0x10 .build/barelib.o
 .comment       0x000000000000000f       0x10 .build/printf.o

.note.GNU-stack
                0x0000000000000000        0x0
 .note.GNU-stack
                0x0000000000000000        0x0 .build/create.o
 .note.GNU-stack
                0x0000000000000000        0x0 .build/initialize.o
 .note.GNU-stack
                0x0000000000000000        0x0 .build/traps.o
 .note.GNU-stack
                0x0000000000000000        0x0 .build/queue.o
 .note.GNU-stack
                0x0000000000000000        0x0 .build/sleep.o
 .note.GNU-stack
                0x0000000000000000        0x0 .build/kill.o
 .note.GNU-stack
                0x0000000000000000        0x0 .build/join.o
 .note.GNU-stack
                0x0000000000000000        0x0 .build/resume.o
 .note.GNU-stack
                0x0000000000000000        0x0 .build/resched.o
 .note.GNU-stack
                0x0000000000000000        0x0 .build/suspend.o
 .note.GNU-stack
                0x0000000000000000        0x0 .build/mmap.o
 .note.GNU-stack
                0x0000000000000000        0x0 .build/uart.o
 .note.GNU-stack
                0x0000000000000000        0x0 .build/plic.o
 .note.GNU-stack
                0x0000000000000000        0x0 .build/timer.o
 .note.GNU-stack
                0x0000000000000000        0x0 .build/echo.o
 .note.GNU-stack
                0x0000000000000000        0x0 .build/hello.o
 .note.GNU-stack
                0x0000000000000000        0x0 .build/shell.o
 .note.GNU-stack
                0x0000000000000000        0x0 .build/barelib.o
 .note.GNU-stack
                0x0000000000000000        0x0 .build/printf.o

.riscv.attributes
                0x0000000000000000       0x41
 .riscv.attributes
                0x0000000000000000       0x34 .build/create.o
 .riscv.attributes
                0x0000000000000034       0x34 .build/initialize.o
 .riscv.attributes
                0x0000000000000068       0x38 .build/traps.o
 .riscv.attributes
                0x00000000000000a0       0x34 .build/queue.o
 .riscv.attributes
                0x00000000000000d4       0x34 .build/sleep.o
 .riscv.attributes
                0x0000000000000108       0x34 .build/kill.o
 .riscv.attributes
                0x000000000000013c       0x34 .build/join.o
 .riscv.attributes
                0x0000000000000170       0x34 .build/resume.o
 .riscv.attributes
                0x00000000000001a4       0x34 .build/resched.o
 .riscv.attributes
                0x00000000000001d8       0x34 .build/suspend.o
 .riscv.attributes
                0x000000000000020c       0x34 .build/mmap.o
 .riscv.attributes
                0x0000000000000240       0x34 .build/uart.o
 .riscv.attributes
                0x0000000000000274       0x38 .build/plic.o
 .riscv.attributes
                0x00000000000002ac       0x38 .build/timer.o
 .riscv.attributes
                0x00000000000002e4       0x34 .build/echo.o
 .riscv.attributes
                0x0000000000000318       0x34 .build/hello.o
 .riscv.attributes
                0x000000000000034c       0x34 .build/shell.o
 .riscv.attributes
                0x0000000000000380       0x34 .build/barelib.o
 .riscv.attributes
                0x00000000000003b4       0x34 .build/printf.o
 .riscv.attributes
                0x00000000000003e8       0x3f .build/interrupts_asm.o
 .riscv.attributes
                0x0000000000000427       0x3f .build/ctxsw_asm.o
 .riscv.attributes
                0x0000000000000466       0x3f .build/bootstrap_asm.o

.debug_rnglists
                0x0000000000000000       0x17
 .debug_rnglists
                0x0000000000000000       0x17 .build/queue.o
