
There are no discarded input sections

Memory Configuration

Name             Origin             Length             Attributes
_sysmem          0x0000000080000000 0x0000000008000000 axw!rl
*default*        0x0000000000000000 0xffffffffffffffff

Linker script and memory map


.text           0x0000000080000000     0x5710
                0x0000000080000000                PROVIDE (_mmap_text_start = ABSOLUTE (.))
 *(.text.entry)
 .text.entry    0x0000000080000000      0x16c .build/bootstrap_asm.o
                0x0000000080000074                __noop
 *(.text .text.*)
 .text          0x000000008000016c      0x27a .build/create.o
                0x000000008000016c                wrapper
                0x00000000800001e8                create_thread
 .text          0x00000000800003e6      0x310 .build/initialize.o
                0x00000000800003e6                initialize
 .text          0x00000000800006f6      0x410 .build/semaphore.o
                0x00000000800006f6                sem_create
                0x0000000080000884                sem_free
                0x00000000800008e4                sem_wait
                0x0000000080000a18                sem_post
 .text          0x0000000080000b06       0xde .build/traps.o
                0x0000000080000b06                __sys_capture_syscall
                0x0000000080000b14                raise_syscall
                0x0000000080000b60                handle_exception
 .text          0x0000000080000be4     0x104e .build/queue.o
                0x0000000080000be4                thread_enqueue
                0x0000000080000ddc                thread_dequeue
                0x0000000080000eec                specific_dequeue
                0x000000008000108a                isInQueue
                0x00000000800011b8                sleep_enqueue
                0x0000000080001550                sleep_dequeue
                0x000000008000162c                sleep_specific_dequeue
                0x000000008000189a                sem_is_in_queue
                0x0000000080001952                sem_enqueue
                0x0000000080001aa6                sem_dequeue
 .text          0x0000000080001c32      0x2ca .build/bs.o
                0x0000000080001c32                bs_mk_ramdisk
                0x0000000080001ce6                bs_stats
                0x0000000080001d24                bs_free_ramdisk
                0x0000000080001d6c                bs_read
                0x0000000080001e34                bs_write
 .text          0x0000000080001efc      0x128 .build/sleep.o
                0x0000000080001efc                sleep
                0x0000000080001f92                unsleep
 .text          0x0000000080002024       0xc0 .build/kill.o
                0x0000000080002024                kill_thread
 .text          0x00000000800020e4       0x92 .build/join.o
                0x00000000800020e4                join_thread
 .text          0x0000000080002176      0x116 .build/resume.o
                0x0000000080002176                resume_thread
 .text          0x000000008000228c      0x500 .build/fsutil.o
                0x000000008000228c                fs_print_fsd
                0x0000000080002312                fs_print_mask
                0x0000000080002430                fs_print_oft
                0x0000000080002518                fs_print_root
                0x00000000800025c2                fs_print_fd
 .text          0x000000008000278c      0x11c .build/resched.o
                0x000000008000278c                resched
 .text          0x00000000800028a8       0xde .build/suspend.o
                0x00000000800028a8                suspend_thread
 .text          0x0000000080002986        0x0 .build/mmap.o
 .text          0x0000000080002986      0x580 .build/fs.o
                0x0000000080002986                strcmp
                0x0000000080002a1c                strlen
                0x0000000080002a5c                fs_setmaskbit
                0x0000000080002ae8                fs_clearmaskbit
                0x0000000080002b80                fs_getmaskbit
                0x0000000080002bdc                fs_mkfs
                0x0000000080002d3e                fs_mount
                0x0000000080002e80                fs_umount
 .text          0x0000000080002f06      0x3c6 .build/uart.o
                0x0000000080002f06                __sys_putc
                0x0000000080002f4c                __sys_getc
                0x0000000080002fae                uart_putc
                0x0000000080002fda                uart_getc
                0x0000000080002ffa                set_uart_interrupt
                0x000000008000306c                uart_handler
                0x00000000800031d4                uart_init
 .text          0x00000000800032cc       0xa0 .build/plic.o
                0x00000000800032cc                plic_init
                0x00000000800032f8                handle_plic
 .text          0x000000008000336c      0x190 .build/tty.o
                0x000000008000336c                tty_init
                0x00000000800033aa                tty_getc
                0x000000008000344a                tty_putc
 .text          0x00000000800034fc      0x2c6 .build/timer.o
                0x00000000800034fc                clk_init
                0x0000000080003528                handle_clk
 .text          0x00000000800037c2      0x1e4 .build/echo.o
                0x00000000800037c2                builtin_echo
 .text          0x00000000800039a6      0x132 .build/hello.o
                0x00000000800039a6                builtin_hello
 .text          0x0000000080003ad8      0x626 .build/shell.o
                0x0000000080003ad8                shell
 .text          0x00000000800040fe       0xa2 .build/barelib.o
                0x00000000800040fe                memset
                0x000000008000414e                memcpy
 .text          0x00000000800041a0      0x144 .build/fs_seek.o
                0x00000000800041a0                fs_seek
 .text          0x00000000800042e4      0x28e .build/printf.o
                0x00000000800042e4                printf
 .text          0x0000000080004572      0x1f2 .build/fs_open.o
                0x0000000080004572                fs_open
 .text          0x0000000080004764      0x47e .build/fs_write.o
                0x0000000080004764                fs_write
 .text          0x0000000080004be2       0x90 .build/fs_close.o
                0x0000000080004be2                fs_close
 .text          0x0000000080004c72      0x518 .build/malloc.o
                0x0000000080004c72                heap_init
                0x0000000080004d04                malloc
                0x0000000080004ec8                free
 .text          0x000000008000518a      0x1ee .build/fs_create.o
                0x000000008000518a                fs_create
 .text          0x0000000080005378      0x260 .build/fs_read.o
                0x0000000080005378                fs_read
 .text          0x00000000800055d8       0x20 .build/interrupts_asm.o
                0x00000000800055d8                set_interrupt
                0x00000000800055de                disable_interrupts
                0x00000000800055e4                enable_interrupts
                0x00000000800055ea                restore_interrupts
                0x00000000800055f0                is_interrupting
 .text          0x00000000800055f8      0x116 .build/ctxsw_asm.o
                0x00000000800055f8                _sys_thread_loaded
                0x00000000800055fc                ctxsw
                0x00000000800056f6                ctxload
 .text          0x000000008000570e        0x0 .build/bootstrap_asm.o
                0x0000000080005710                . = ALIGN (0x4)
 *fill*         0x000000008000570e        0x2 
                0x0000000080005710                PROVIDE (_mmap_text_end = ABSOLUTE (.))

.rodata         0x0000000080006000      0x2dd
                0x0000000080006000                PROVIDE (_mmap_data_start = ABSOLUTE (.))
 *(.srodata .srodata.*)
 .srodata       0x0000000080006000        0x4 .build/timer.o
                0x0000000080006000                timer_interval
 *(.rodata .rodata.*)
 *fill*         0x0000000080006004        0x4 
 .rodata        0x0000000080006008       0x8b .build/initialize.o
 *fill*         0x0000000080006093        0x5 
 .rodata        0x0000000080006098      0x1b4 .build/fsutil.o
 *fill*         0x000000008000624c        0x4 
 .rodata        0x0000000080006250        0x2 .build/echo.o
 *fill*         0x0000000080006252        0x6 
 .rodata        0x0000000080006258       0x23 .build/hello.o
 *fill*         0x000000008000627b        0x5 
 .rodata        0x0000000080006280       0x5d .build/shell.o

.eh_frame       0x00000000800062e0      0xcac
 .eh_frame      0x00000000800062e0       0x70 .build/create.o
 .eh_frame      0x0000000080006350       0x30 .build/initialize.o
                                         0x40 (size before relaxing)
 .eh_frame      0x0000000080006380       0xa8 .build/semaphore.o
                                         0xb8 (size before relaxing)
 .eh_frame      0x0000000080006428       0xb8 .build/traps.o
                                         0xc8 (size before relaxing)
 .eh_frame      0x00000000800064e0      0x188 .build/queue.o
                                        0x1a0 (size before relaxing)
 .eh_frame      0x0000000080006668       0xc8 .build/bs.o
                                         0xd8 (size before relaxing)
 .eh_frame      0x0000000080006730       0x50 .build/sleep.o
                                         0x68 (size before relaxing)
 .eh_frame      0x0000000080006780       0x28 .build/kill.o
                                         0x40 (size before relaxing)
 .eh_frame      0x00000000800067a8       0x28 .build/join.o
                                         0x40 (size before relaxing)
 .eh_frame      0x00000000800067d0       0x30 .build/resume.o
                                         0x40 (size before relaxing)
 .eh_frame      0x0000000080006800       0xd0 .build/fsutil.o
                                         0xe8 (size before relaxing)
 .eh_frame      0x00000000800068d0       0x30 .build/resched.o
                                         0x40 (size before relaxing)
 .eh_frame      0x0000000080006900       0x28 .build/suspend.o
                                         0x40 (size before relaxing)
 .eh_frame      0x0000000080006928      0x138 .build/fs.o
                                        0x150 (size before relaxing)
 .eh_frame      0x0000000080006a60      0x118 .build/uart.o
                                        0x128 (size before relaxing)
 .eh_frame      0x0000000080006b78       0x90 .build/plic.o
                                         0xa8 (size before relaxing)
 .eh_frame      0x0000000080006c08       0x78 .build/tty.o
                                         0x90 (size before relaxing)
 .eh_frame      0x0000000080006c80       0x90 .build/timer.o
                                         0xa8 (size before relaxing)
 .eh_frame      0x0000000080006d10       0x30 .build/echo.o
                                         0x40 (size before relaxing)
 .eh_frame      0x0000000080006d40       0x30 .build/hello.o
                                         0x40 (size before relaxing)
 .eh_frame      0x0000000080006d70       0x20 .build/shell.o
                                         0x38 (size before relaxing)
 .eh_frame      0x0000000080006d90       0x48 .build/barelib.o
                                         0x60 (size before relaxing)
 .eh_frame      0x0000000080006dd8       0x28 .build/fs_seek.o
                                         0x40 (size before relaxing)
 .eh_frame      0x0000000080006e00       0x30 .build/printf.o
                                         0x40 (size before relaxing)
 .eh_frame      0x0000000080006e30       0x30 .build/fs_open.o
                                         0x40 (size before relaxing)
 .eh_frame      0x0000000080006e60       0x30 .build/fs_write.o
                                         0x40 (size before relaxing)
 .eh_frame      0x0000000080006e90       0x28 .build/fs_close.o
                                         0x40 (size before relaxing)
 .eh_frame      0x0000000080006eb8       0x78 .build/malloc.o
                                         0x88 (size before relaxing)
 .eh_frame      0x0000000080006f30       0x30 .build/fs_create.o
                                         0x40 (size before relaxing)
 .eh_frame      0x0000000080006f60       0x2c .build/fs_read.o
                                         0x40 (size before relaxing)

.rela.dyn       0x0000000080006f90        0x0
 .rela.sdata    0x0000000080006f90        0x0 .build/create.o
 .rela.text.entry
                0x0000000080006f90        0x0 .build/create.o

.data           0x0000000080006f90       0x70
                [!provide]                        PROVIDE (_mmap_write_start = ABSOLUTE (.))
 *(.sdata .sdata.*)
 .sdata         0x0000000080006f90       0x14 .build/traps.o
                0x0000000080006f90                syscall_table
                0x0000000080006f98                sys_syscall_hook
 .sdata         0x0000000080006fa4        0xc .build/queue.o
                0x0000000080006fa4                ready_list
                0x0000000080006fa8                sleep_list
                0x0000000080006fac                sem_list
 .sdata         0x0000000080006fb0       0x38 .build/mmap.o
                0x0000000080006fb0                text_start
                0x0000000080006fb8                text_end
                0x0000000080006fc0                data_start
                0x0000000080006fc8                data_end
                0x0000000080006fd0                bss_start
                0x0000000080006fd8                mem_start
                0x0000000080006fe0                mem_end
 .sdata         0x0000000080006fe8       0x10 .build/uart.o
                0x0000000080006fe8                sys_putc_hook
                0x0000000080006ff0                sys_getc_hook
 .sdata         0x0000000080006ff8        0x8 .build/timer.o
                0x0000000080006ff8                clint_timer_addr
 *(.data .data.*)
 .data          0x0000000080007000        0x0 .build/create.o
 .data          0x0000000080007000        0x0 .build/initialize.o
 .data          0x0000000080007000        0x0 .build/semaphore.o
 .data          0x0000000080007000        0x0 .build/traps.o
 .data          0x0000000080007000        0x0 .build/queue.o
 .data          0x0000000080007000        0x0 .build/bs.o
 .data          0x0000000080007000        0x0 .build/sleep.o
 .data          0x0000000080007000        0x0 .build/kill.o
 .data          0x0000000080007000        0x0 .build/join.o
 .data          0x0000000080007000        0x0 .build/resume.o
 .data          0x0000000080007000        0x0 .build/fsutil.o
 .data          0x0000000080007000        0x0 .build/resched.o
 .data          0x0000000080007000        0x0 .build/suspend.o
 .data          0x0000000080007000        0x0 .build/mmap.o
 .data          0x0000000080007000        0x0 .build/fs.o
 .data          0x0000000080007000        0x0 .build/uart.o
 .data          0x0000000080007000        0x0 .build/plic.o
 .data          0x0000000080007000        0x0 .build/tty.o
 .data          0x0000000080007000        0x0 .build/timer.o
 .data          0x0000000080007000        0x0 .build/echo.o
 .data          0x0000000080007000        0x0 .build/hello.o
 .data          0x0000000080007000        0x0 .build/shell.o
 .data          0x0000000080007000        0x0 .build/barelib.o
 .data          0x0000000080007000        0x0 .build/fs_seek.o
 .data          0x0000000080007000        0x0 .build/printf.o
 .data          0x0000000080007000        0x0 .build/fs_open.o
 .data          0x0000000080007000        0x0 .build/fs_write.o
 .data          0x0000000080007000        0x0 .build/fs_close.o
 .data          0x0000000080007000        0x0 .build/malloc.o
 .data          0x0000000080007000        0x0 .build/fs_create.o
 .data          0x0000000080007000        0x0 .build/fs_read.o
 .data          0x0000000080007000        0x0 .build/interrupts_asm.o
 .data          0x0000000080007000        0x0 .build/ctxsw_asm.o
 .data          0x0000000080007000        0x0 .build/bootstrap_asm.o
                0x0000000080007000                PROVIDE (_mmap_data_end = ABSOLUTE (.))

.bss            0x0000000080007000      0xb40
                0x0000000080007000                PROVIDE (_mmap_bss_start = ABSOLUTE (.))
 *(.sbss .sbss.*)
 .sbss          0x0000000080007000        0x4 .build/create.o
                0x0000000080007000                current_thread
 .sbss          0x0000000080007004        0x4 .build/initialize.o
                0x0000000080007004                boot_complete
 .sbss          0x0000000080007008        0x8 .build/fs.o
                0x0000000080007008                fsd
 .sbss          0x0000000080007010        0x8 .build/uart.o
                0x0000000080007010                uart
 .sbss          0x0000000080007018       0x18 .build/tty.o
                0x0000000080007018                tty_in_sem
                0x000000008000701c                tty_out_sem
                0x0000000080007020                tty_in_head
                0x0000000080007024                tty_in_count
                0x0000000080007028                tty_out_head
                0x000000008000702c                tty_out_count
 .sbss          0x0000000080007030        0x4 .build/timer.o
                0x0000000080007030                dec
 *(.bss .bss.*)
 *fill*         0x0000000080007034        0x4 
 .bss           0x0000000080007038      0x2a0 .build/create.o
                0x0000000080007038                thread_table
 .bss           0x00000000800072d8        0x0 .build/initialize.o
 .bss           0x00000000800072d8      0x280 .build/semaphore.o
                0x00000000800072d8                sem_table
 .bss           0x0000000080007558        0x4 .build/traps.o
 *fill*         0x000000008000755c        0x4 
 .bss           0x0000000080007560      0x214 .build/queue.o
                0x0000000080007560                thread_queue
                0x0000000080007678                sleep_queue
 *fill*         0x0000000080007774        0x4 
 .bss           0x0000000080007778       0x10 .build/bs.o
 .bss           0x0000000080007788        0x0 .build/sleep.o
 .bss           0x0000000080007788        0x0 .build/kill.o
 .bss           0x0000000080007788        0x0 .build/join.o
 .bss           0x0000000080007788        0x0 .build/resume.o
 .bss           0x0000000080007788        0x0 .build/fsutil.o
 .bss           0x0000000080007788        0x0 .build/resched.o
 .bss           0x0000000080007788        0x0 .build/suspend.o
 .bss           0x0000000080007788        0x0 .build/mmap.o
 .bss           0x0000000080007788      0x2a8 .build/fs.o
                0x0000000080007788                oft
 .bss           0x0000000080007a30        0x1 .build/uart.o
 .bss           0x0000000080007a31        0x0 .build/plic.o
 *fill*         0x0000000080007a31        0x7 
 .bss           0x0000000080007a38      0x100 .build/tty.o
                0x0000000080007a38                tty_in
                0x0000000080007ab8                tty_out
 .bss           0x0000000080007b38        0x0 .build/timer.o
 .bss           0x0000000080007b38        0x0 .build/echo.o
 .bss           0x0000000080007b38        0x0 .build/hello.o
 .bss           0x0000000080007b38        0x0 .build/shell.o
 .bss           0x0000000080007b38        0x0 .build/barelib.o
 .bss           0x0000000080007b38        0x0 .build/fs_seek.o
 .bss           0x0000000080007b38        0x0 .build/printf.o
 .bss           0x0000000080007b38        0x0 .build/fs_open.o
 .bss           0x0000000080007b38        0x0 .build/fs_write.o
 .bss           0x0000000080007b38        0x0 .build/fs_close.o
 .bss           0x0000000080007b38        0x8 .build/malloc.o
 .bss           0x0000000080007b40        0x0 .build/fs_create.o
 .bss           0x0000000080007b40        0x0 .build/fs_read.o
 .bss           0x0000000080007b40        0x0 .build/interrupts_asm.o
 .bss           0x0000000080007b40        0x0 .build/ctxsw_asm.o
 .bss           0x0000000080007b40        0x0 .build/bootstrap_asm.o
                [!provide]                        PROVIDE (_mmap_bss_end = ABSOLUTE (.))
                0x000000008000fb40                . = (. + 0x8000)
                0x000000008000fb40                PROVIDE (_mmap_kstack_top = ABSOLUTE (.))
                0x0000000080010b40                . = (. + 0x1000)
                0x0000000080006800                PROVIDE (_mmap_global_ptr = (_mmap_data_start + 0x800))
                0x0000000080010b40                PROVIDE (_mmap_mem_start = ABSOLUTE (.))
                0x0000000087ffffff                PROVIDE (_mmap_mem_end = ((ORIGIN (_sysmem) + LENGTH (_sysmem)) - 0x1))
LOAD .build/create.o
LOAD .build/initialize.o
LOAD .build/semaphore.o
LOAD .build/traps.o
LOAD .build/queue.o
LOAD .build/bs.o
LOAD .build/sleep.o
LOAD .build/kill.o
LOAD .build/join.o
LOAD .build/resume.o
LOAD .build/fsutil.o
LOAD .build/resched.o
LOAD .build/suspend.o
LOAD .build/mmap.o
LOAD .build/fs.o
LOAD .build/uart.o
LOAD .build/plic.o
LOAD .build/tty.o
LOAD .build/timer.o
LOAD .build/echo.o
LOAD .build/hello.o
LOAD .build/shell.o
LOAD .build/barelib.o
LOAD .build/fs_seek.o
LOAD .build/printf.o
LOAD .build/fs_open.o
LOAD .build/fs_write.o
LOAD .build/fs_close.o
LOAD .build/malloc.o
LOAD .build/fs_create.o
LOAD .build/fs_read.o
LOAD .build/interrupts_asm.o
LOAD .build/ctxsw_asm.o
LOAD .build/bootstrap_asm.o
OUTPUT(.build/kernel.elf elf64-littleriscv)

.debug_info     0x0000000000000000     0x4d0a
 .debug_info    0x0000000000000000      0x2b2 .build/create.o
 .debug_info    0x00000000000002b2      0x3c6 .build/initialize.o
 .debug_info    0x0000000000000678      0x412 .build/semaphore.o
 .debug_info    0x0000000000000a8a      0x158 .build/traps.o
 .debug_info    0x0000000000000be2      0x667 .build/queue.o
 .debug_info    0x0000000000001249      0x2a7 .build/bs.o
 .debug_info    0x00000000000014f0      0x2ce .build/sleep.o
 .debug_info    0x00000000000017be      0x1a6 .build/kill.o
 .debug_info    0x0000000000001964      0x15a .build/join.o
 .debug_info    0x0000000000001abe      0x19c .build/resume.o
 .debug_info    0x0000000000001c5a      0x376 .build/fsutil.o
 .debug_info    0x0000000000001fd0      0x192 .build/resched.o
 .debug_info    0x0000000000002162      0x19d .build/suspend.o
 .debug_info    0x00000000000022ff      0x134 .build/mmap.o
 .debug_info    0x0000000000002433      0x4ef .build/fs.o
 .debug_info    0x0000000000002922      0x30f .build/uart.o
 .debug_info    0x0000000000002c31       0xe5 .build/plic.o
 .debug_info    0x0000000000002d16      0x243 .build/tty.o
 .debug_info    0x0000000000002f59      0x2e9 .build/timer.o
 .debug_info    0x0000000000003242      0x19c .build/echo.o
 .debug_info    0x00000000000033de      0x11f .build/hello.o
 .debug_info    0x00000000000034fd      0x3b8 .build/shell.o
 .debug_info    0x00000000000038b5       0xcd .build/barelib.o
 .debug_info    0x0000000000003982      0x16a .build/fs_seek.o
 .debug_info    0x0000000000003aec      0x147 .build/printf.o
 .debug_info    0x0000000000003c33      0x319 .build/fs_open.o
 .debug_info    0x0000000000003f4c      0x37c .build/fs_write.o
 .debug_info    0x00000000000042c8      0x183 .build/fs_close.o
 .debug_info    0x000000000000444b      0x23e .build/malloc.o
 .debug_info    0x0000000000004689      0x31e .build/fs_create.o
 .debug_info    0x00000000000049a7      0x2e9 .build/fs_read.o
 .debug_info    0x0000000000004c90       0x28 .build/interrupts_asm.o
 .debug_info    0x0000000000004cb8       0x29 .build/ctxsw_asm.o
 .debug_info    0x0000000000004ce1       0x29 .build/bootstrap_asm.o

.debug_abbrev   0x0000000000000000     0x2417
 .debug_abbrev  0x0000000000000000      0x19e .build/create.o
 .debug_abbrev  0x000000000000019e      0x167 .build/initialize.o
 .debug_abbrev  0x0000000000000305      0x1a2 .build/semaphore.o
 .debug_abbrev  0x00000000000004a7      0x103 .build/traps.o
 .debug_abbrev  0x00000000000005aa      0x171 .build/queue.o
 .debug_abbrev  0x000000000000071b      0x142 .build/bs.o
 .debug_abbrev  0x000000000000085d      0x13e .build/sleep.o
 .debug_abbrev  0x000000000000099b      0x125 .build/kill.o
 .debug_abbrev  0x0000000000000ac0       0xd0 .build/join.o
 .debug_abbrev  0x0000000000000b90      0x10c .build/resume.o
 .debug_abbrev  0x0000000000000c9c      0x164 .build/fsutil.o
 .debug_abbrev  0x0000000000000e00       0xe9 .build/resched.o
 .debug_abbrev  0x0000000000000ee9      0x10b .build/suspend.o
 .debug_abbrev  0x0000000000000ff4       0x68 .build/mmap.o
 .debug_abbrev  0x000000000000105c      0x1eb .build/fs.o
 .debug_abbrev  0x0000000000001247      0x1b6 .build/uart.o
 .debug_abbrev  0x00000000000013fd       0xba .build/plic.o
 .debug_abbrev  0x00000000000014b7      0x141 .build/tty.o
 .debug_abbrev  0x00000000000015f8      0x182 .build/timer.o
 .debug_abbrev  0x000000000000177a      0x10d .build/echo.o
 .debug_abbrev  0x0000000000001887       0xd5 .build/hello.o
 .debug_abbrev  0x000000000000195c      0x128 .build/shell.o
 .debug_abbrev  0x0000000000001a84       0x7e .build/barelib.o
 .debug_abbrev  0x0000000000001b02       0xd3 .build/fs_seek.o
 .debug_abbrev  0x0000000000001bd5       0xda .build/printf.o
 .debug_abbrev  0x0000000000001caf      0x13c .build/fs_open.o
 .debug_abbrev  0x0000000000001deb      0x166 .build/fs_write.o
 .debug_abbrev  0x0000000000001f51       0xe5 .build/fs_close.o
 .debug_abbrev  0x0000000000002036      0x123 .build/malloc.o
 .debug_abbrev  0x0000000000002159      0x151 .build/fs_create.o
 .debug_abbrev  0x00000000000022aa      0x131 .build/fs_read.o
 .debug_abbrev  0x00000000000023db       0x14 .build/interrupts_asm.o
 .debug_abbrev  0x00000000000023ef       0x14 .build/ctxsw_asm.o
 .debug_abbrev  0x0000000000002403       0x14 .build/bootstrap_asm.o

.debug_aranges  0x0000000000000000      0x650
 .debug_aranges
                0x0000000000000000       0x30 .build/create.o
 .debug_aranges
                0x0000000000000030       0x30 .build/initialize.o
 .debug_aranges
                0x0000000000000060       0x30 .build/semaphore.o
 .debug_aranges
                0x0000000000000090       0x30 .build/traps.o
 .debug_aranges
                0x00000000000000c0       0x30 .build/queue.o
 .debug_aranges
                0x00000000000000f0       0x30 .build/bs.o
 .debug_aranges
                0x0000000000000120       0x30 .build/sleep.o
 .debug_aranges
                0x0000000000000150       0x30 .build/kill.o
 .debug_aranges
                0x0000000000000180       0x30 .build/join.o
 .debug_aranges
                0x00000000000001b0       0x30 .build/resume.o
 .debug_aranges
                0x00000000000001e0       0x30 .build/fsutil.o
 .debug_aranges
                0x0000000000000210       0x30 .build/resched.o
 .debug_aranges
                0x0000000000000240       0x30 .build/suspend.o
 .debug_aranges
                0x0000000000000270       0x20 .build/mmap.o
 .debug_aranges
                0x0000000000000290       0x30 .build/fs.o
 .debug_aranges
                0x00000000000002c0       0x30 .build/uart.o
 .debug_aranges
                0x00000000000002f0       0x30 .build/plic.o
 .debug_aranges
                0x0000000000000320       0x30 .build/tty.o
 .debug_aranges
                0x0000000000000350       0x30 .build/timer.o
 .debug_aranges
                0x0000000000000380       0x30 .build/echo.o
 .debug_aranges
                0x00000000000003b0       0x30 .build/hello.o
 .debug_aranges
                0x00000000000003e0       0x30 .build/shell.o
 .debug_aranges
                0x0000000000000410       0x30 .build/barelib.o
 .debug_aranges
                0x0000000000000440       0x30 .build/fs_seek.o
 .debug_aranges
                0x0000000000000470       0x30 .build/printf.o
 .debug_aranges
                0x00000000000004a0       0x30 .build/fs_open.o
 .debug_aranges
                0x00000000000004d0       0x30 .build/fs_write.o
 .debug_aranges
                0x0000000000000500       0x30 .build/fs_close.o
 .debug_aranges
                0x0000000000000530       0x30 .build/malloc.o
 .debug_aranges
                0x0000000000000560       0x30 .build/fs_create.o
 .debug_aranges
                0x0000000000000590       0x30 .build/fs_read.o
 .debug_aranges
                0x00000000000005c0       0x30 .build/interrupts_asm.o
 .debug_aranges
                0x00000000000005f0       0x30 .build/ctxsw_asm.o
 .debug_aranges
                0x0000000000000620       0x30 .build/bootstrap_asm.o

.debug_line     0x0000000000000000     0x4d27
 .debug_line    0x0000000000000000      0x2ad .build/create.o
 .debug_line    0x00000000000002ad      0x236 .build/initialize.o
 .debug_line    0x00000000000004e3      0x2e3 .build/semaphore.o
 .debug_line    0x00000000000007c6       0xdd .build/traps.o
 .debug_line    0x00000000000008a3      0x924 .build/queue.o
 .debug_line    0x00000000000011c7      0x2ce .build/bs.o
 .debug_line    0x0000000000001495      0x118 .build/sleep.o
 .debug_line    0x00000000000015ad       0xf7 .build/kill.o
 .debug_line    0x00000000000016a4       0xac .build/join.o
 .debug_line    0x0000000000001750      0x13e .build/resume.o
 .debug_line    0x000000000000188e      0x40b .build/fsutil.o
 .debug_line    0x0000000000001c99      0x107 .build/resched.o
 .debug_line    0x0000000000001da0      0x10c .build/suspend.o
 .debug_line    0x0000000000001eac       0x43 .build/mmap.o
 .debug_line    0x0000000000001eef      0x562 .build/fs.o
 .debug_line    0x0000000000002451      0x370 .build/uart.o
 .debug_line    0x00000000000027c1       0xb6 .build/plic.o
 .debug_line    0x0000000000002877      0x182 .build/tty.o
 .debug_line    0x00000000000029f9      0x1ee .build/timer.o
 .debug_line    0x0000000000002be7      0x1fa .build/echo.o
 .debug_line    0x0000000000002de1      0x150 .build/hello.o
 .debug_line    0x0000000000002f31      0x575 .build/shell.o
 .debug_line    0x00000000000034a6       0xf2 .build/barelib.o
 .debug_line    0x0000000000003598       0xec .build/fs_seek.o
 .debug_line    0x0000000000003684      0x21c .build/printf.o
 .debug_line    0x00000000000038a0      0x1fe .build/fs_open.o
 .debug_line    0x0000000000003a9e      0x3aa .build/fs_write.o
 .debug_line    0x0000000000003e48       0xa6 .build/fs_close.o
 .debug_line    0x0000000000003eee      0x66e .build/malloc.o
 .debug_line    0x000000000000455c      0x240 .build/fs_create.o
 .debug_line    0x000000000000479c      0x1d7 .build/fs_read.o
 .debug_line    0x0000000000004973       0x88 .build/interrupts_asm.o
 .debug_line    0x00000000000049fb      0x1e6 .build/ctxsw_asm.o
 .debug_line    0x0000000000004be1      0x146 .build/bootstrap_asm.o

.debug_str      0x0000000000000000      0x9e3
 .debug_str     0x0000000000000000      0x9e3 .build/create.o
                                        0x1d0 (size before relaxing)
 .debug_str     0x00000000000009e3      0x278 .build/initialize.o
 .debug_str     0x00000000000009e3      0x257 .build/semaphore.o
 .debug_str     0x00000000000009e3      0x152 .build/traps.o
 .debug_str     0x00000000000009e3      0x296 .build/queue.o
 .debug_str     0x00000000000009e3      0x19e .build/bs.o
 .debug_str     0x00000000000009e3      0x212 .build/sleep.o
 .debug_str     0x00000000000009e3      0x17d .build/kill.o
 .debug_str     0x00000000000009e3      0x152 .build/join.o
 .debug_str     0x00000000000009e3      0x18e .build/resume.o
 .debug_str     0x00000000000009e3      0x210 .build/fsutil.o
 .debug_str     0x00000000000009e3      0x175 .build/resched.o
 .debug_str     0x00000000000009e3      0x18f .build/suspend.o
 .debug_str     0x00000000000009e3      0x17c .build/mmap.o
 .debug_str     0x00000000000009e3      0x274 .build/fs.o
 .debug_str     0x00000000000009e3      0x22b .build/uart.o
 .debug_str     0x00000000000009e3      0x11e .build/plic.o
 .debug_str     0x00000000000009e3      0x189 .build/tty.o
 .debug_str     0x00000000000009e3      0x21b .build/timer.o
 .debug_str     0x00000000000009e3      0x110 .build/echo.o
 .debug_str     0x00000000000009e3       0xe8 .build/hello.o
 .debug_str     0x00000000000009e3      0x195 .build/shell.o
 .debug_str     0x00000000000009e3       0x7e .build/barelib.o
 .debug_str     0x00000000000009e3      0x12b .build/fs_seek.o
 .debug_str     0x00000000000009e3       0xff .build/printf.o
 .debug_str     0x00000000000009e3      0x1d9 .build/fs_open.o
 .debug_str     0x00000000000009e3      0x23c .build/fs_write.o
 .debug_str     0x00000000000009e3      0x12b .build/fs_close.o
 .debug_str     0x00000000000009e3      0x15f .build/malloc.o
 .debug_str     0x00000000000009e3      0x1ee .build/fs_create.o
 .debug_str     0x00000000000009e3      0x1e3 .build/fs_read.o
 .debug_str     0x00000000000009e3       0x38 .build/interrupts_asm.o
 .debug_str     0x00000000000009e3       0x33 .build/ctxsw_asm.o
 .debug_str     0x00000000000009e3       0x29 .build/bootstrap_asm.o

.debug_line_str
                0x0000000000000000      0x368
 .debug_line_str
                0x0000000000000000      0x368 .build/create.o
                                         0x88 (size before relaxing)
 .debug_line_str
                0x0000000000000368       0xcd .build/initialize.o
 .debug_line_str
                0x0000000000000368       0xa5 .build/semaphore.o
 .debug_line_str
                0x0000000000000368       0x6f .build/traps.o
 .debug_line_str
                0x0000000000000368       0x8c .build/queue.o
 .debug_line_str
                0x0000000000000368       0x81 .build/bs.o
 .debug_line_str
                0x0000000000000368       0x8d .build/sleep.o
 .debug_line_str
                0x0000000000000368       0x82 .build/kill.o
 .debug_line_str
                0x0000000000000368       0x75 .build/join.o
 .debug_line_str
                0x0000000000000368       0x90 .build/resume.o
 .debug_line_str
                0x0000000000000368       0x80 .build/fsutil.o
 .debug_line_str
                0x0000000000000368       0x86 .build/resched.o
 .debug_line_str
                0x0000000000000368       0x93 .build/suspend.o
 .debug_line_str
                0x0000000000000368       0x6c .build/mmap.o
 .debug_line_str
                0x0000000000000368       0x81 .build/fs.o
 .debug_line_str
                0x0000000000000368       0x8b .build/uart.o
 .debug_line_str
                0x0000000000000368       0x79 .build/plic.o
 .debug_line_str
                0x0000000000000368       0x88 .build/tty.o
 .debug_line_str
                0x0000000000000368       0x8d .build/timer.o
 .debug_line_str
                0x0000000000000368       0x6f .build/echo.o
 .debug_line_str
                0x0000000000000368       0x72 .build/hello.o
 .debug_line_str
                0x0000000000000368       0x83 .build/shell.o
 .debug_line_str
                0x0000000000000368       0x56 .build/barelib.o
 .debug_line_str
                0x0000000000000368       0x74 .build/fs_seek.o
 .debug_line_str
                0x0000000000000368       0x75 .build/printf.o
 .debug_line_str
                0x0000000000000368       0x74 .build/fs_open.o
 .debug_line_str
                0x0000000000000368       0x77 .build/fs_write.o
 .debug_line_str
                0x0000000000000368       0x77 .build/fs_close.o
 .debug_line_str
                0x0000000000000368       0x75 .build/malloc.o
 .debug_line_str
                0x0000000000000368       0x7a .build/fs_create.o
 .debug_line_str
                0x0000000000000368       0x74 .build/fs_read.o
 .debug_line_str
                0x0000000000000368       0x2c .build/interrupts_asm.o
 .debug_line_str
                0x0000000000000368       0x27 .build/ctxsw_asm.o
 .debug_line_str
                0x0000000000000368       0x1d .build/bootstrap_asm.o

.comment        0x0000000000000000        0xf
 .comment       0x0000000000000000        0xf .build/create.o
                                         0x10 (size before relaxing)
 .comment       0x000000000000000f       0x10 .build/initialize.o
 .comment       0x000000000000000f       0x10 .build/semaphore.o
 .comment       0x000000000000000f       0x10 .build/traps.o
 .comment       0x000000000000000f       0x10 .build/queue.o
 .comment       0x000000000000000f       0x10 .build/bs.o
 .comment       0x000000000000000f       0x10 .build/sleep.o
 .comment       0x000000000000000f       0x10 .build/kill.o
 .comment       0x000000000000000f       0x10 .build/join.o
 .comment       0x000000000000000f       0x10 .build/resume.o
 .comment       0x000000000000000f       0x10 .build/fsutil.o
 .comment       0x000000000000000f       0x10 .build/resched.o
 .comment       0x000000000000000f       0x10 .build/suspend.o
 .comment       0x000000000000000f       0x10 .build/mmap.o
 .comment       0x000000000000000f       0x10 .build/fs.o
 .comment       0x000000000000000f       0x10 .build/uart.o
 .comment       0x000000000000000f       0x10 .build/plic.o
 .comment       0x000000000000000f       0x10 .build/tty.o
 .comment       0x000000000000000f       0x10 .build/timer.o
 .comment       0x000000000000000f       0x10 .build/echo.o
 .comment       0x000000000000000f       0x10 .build/hello.o
 .comment       0x000000000000000f       0x10 .build/shell.o
 .comment       0x000000000000000f       0x10 .build/barelib.o
 .comment       0x000000000000000f       0x10 .build/fs_seek.o
 .comment       0x000000000000000f       0x10 .build/printf.o
 .comment       0x000000000000000f       0x10 .build/fs_open.o
 .comment       0x000000000000000f       0x10 .build/fs_write.o
 .comment       0x000000000000000f       0x10 .build/fs_close.o
 .comment       0x000000000000000f       0x10 .build/malloc.o
 .comment       0x000000000000000f       0x10 .build/fs_create.o
 .comment       0x000000000000000f       0x10 .build/fs_read.o

.note.GNU-stack
                0x0000000000000000        0x0
 .note.GNU-stack
                0x0000000000000000        0x0 .build/create.o
 .note.GNU-stack
                0x0000000000000000        0x0 .build/initialize.o
 .note.GNU-stack
                0x0000000000000000        0x0 .build/semaphore.o
 .note.GNU-stack
                0x0000000000000000        0x0 .build/traps.o
 .note.GNU-stack
                0x0000000000000000        0x0 .build/queue.o
 .note.GNU-stack
                0x0000000000000000        0x0 .build/bs.o
 .note.GNU-stack
                0x0000000000000000        0x0 .build/sleep.o
 .note.GNU-stack
                0x0000000000000000        0x0 .build/kill.o
 .note.GNU-stack
                0x0000000000000000        0x0 .build/join.o
 .note.GNU-stack
                0x0000000000000000        0x0 .build/resume.o
 .note.GNU-stack
                0x0000000000000000        0x0 .build/fsutil.o
 .note.GNU-stack
                0x0000000000000000        0x0 .build/resched.o
 .note.GNU-stack
                0x0000000000000000        0x0 .build/suspend.o
 .note.GNU-stack
                0x0000000000000000        0x0 .build/mmap.o
 .note.GNU-stack
                0x0000000000000000        0x0 .build/fs.o
 .note.GNU-stack
                0x0000000000000000        0x0 .build/uart.o
 .note.GNU-stack
                0x0000000000000000        0x0 .build/plic.o
 .note.GNU-stack
                0x0000000000000000        0x0 .build/tty.o
 .note.GNU-stack
                0x0000000000000000        0x0 .build/timer.o
 .note.GNU-stack
                0x0000000000000000        0x0 .build/echo.o
 .note.GNU-stack
                0x0000000000000000        0x0 .build/hello.o
 .note.GNU-stack
                0x0000000000000000        0x0 .build/shell.o
 .note.GNU-stack
                0x0000000000000000        0x0 .build/barelib.o
 .note.GNU-stack
                0x0000000000000000        0x0 .build/fs_seek.o
 .note.GNU-stack
                0x0000000000000000        0x0 .build/printf.o
 .note.GNU-stack
                0x0000000000000000        0x0 .build/fs_open.o
 .note.GNU-stack
                0x0000000000000000        0x0 .build/fs_write.o
 .note.GNU-stack
                0x0000000000000000        0x0 .build/fs_close.o
 .note.GNU-stack
                0x0000000000000000        0x0 .build/malloc.o
 .note.GNU-stack
                0x0000000000000000        0x0 .build/fs_create.o
 .note.GNU-stack
                0x0000000000000000        0x0 .build/fs_read.o

.riscv.attributes
                0x0000000000000000       0x41
 .riscv.attributes
                0x0000000000000000       0x34 .build/create.o
 .riscv.attributes
                0x0000000000000034       0x34 .build/initialize.o
 .riscv.attributes
                0x0000000000000068       0x34 .build/semaphore.o
 .riscv.attributes
                0x000000000000009c       0x38 .build/traps.o
 .riscv.attributes
                0x00000000000000d4       0x34 .build/queue.o
 .riscv.attributes
                0x0000000000000108       0x34 .build/bs.o
 .riscv.attributes
                0x000000000000013c       0x34 .build/sleep.o
 .riscv.attributes
                0x0000000000000170       0x34 .build/kill.o
 .riscv.attributes
                0x00000000000001a4       0x34 .build/join.o
 .riscv.attributes
                0x00000000000001d8       0x34 .build/resume.o
 .riscv.attributes
                0x000000000000020c       0x34 .build/fsutil.o
 .riscv.attributes
                0x0000000000000240       0x34 .build/resched.o
 .riscv.attributes
                0x0000000000000274       0x34 .build/suspend.o
 .riscv.attributes
                0x00000000000002a8       0x34 .build/mmap.o
 .riscv.attributes
                0x00000000000002dc       0x34 .build/fs.o
 .riscv.attributes
                0x0000000000000310       0x34 .build/uart.o
 .riscv.attributes
                0x0000000000000344       0x38 .build/plic.o
 .riscv.attributes
                0x000000000000037c       0x34 .build/tty.o
 .riscv.attributes
                0x00000000000003b0       0x38 .build/timer.o
 .riscv.attributes
                0x00000000000003e8       0x34 .build/echo.o
 .riscv.attributes
                0x000000000000041c       0x34 .build/hello.o
 .riscv.attributes
                0x0000000000000450       0x34 .build/shell.o
 .riscv.attributes
                0x0000000000000484       0x34 .build/barelib.o
 .riscv.attributes
                0x00000000000004b8       0x34 .build/fs_seek.o
 .riscv.attributes
                0x00000000000004ec       0x34 .build/printf.o
 .riscv.attributes
                0x0000000000000520       0x34 .build/fs_open.o
 .riscv.attributes
                0x0000000000000554       0x34 .build/fs_write.o
 .riscv.attributes
                0x0000000000000588       0x34 .build/fs_close.o
 .riscv.attributes
                0x00000000000005bc       0x34 .build/malloc.o
 .riscv.attributes
                0x00000000000005f0       0x34 .build/fs_create.o
 .riscv.attributes
                0x0000000000000624       0x34 .build/fs_read.o
 .riscv.attributes
                0x0000000000000658       0x3f .build/interrupts_asm.o
 .riscv.attributes
                0x0000000000000697       0x3f .build/ctxsw_asm.o
 .riscv.attributes
                0x00000000000006d6       0x3f .build/bootstrap_asm.o

.debug_rnglists
                0x0000000000000000       0x2e
 .debug_rnglists
                0x0000000000000000       0x17 .build/queue.o
 .debug_rnglists
                0x0000000000000017       0x17 .build/malloc.o
